1 warning, 6 errors in 19.64s
